[0m09:48:14.461161 [debug] [MainThread]: Sending event: {'category': 'dbt', 'action': 'invocation', 'label': 'start', 'context': [<snowplow_tracker.self_describing_json.SelfDescribingJson object at 0x73df83f4fe00>, <snowplow_tracker.self_describing_json.SelfDescribingJson object at 0x73df84031fa0>, <snowplow_tracker.self_describing_json.SelfDescribingJson object at 0x73df83b1cbc0>]}


============================== 09:48:14.570500 | 937cfe0d-ff15-4776-a6e1-f5487a1d0fc9 ==============================
[0m09:48:14.570500 [info ] [MainThread]: Running with dbt=1.11.8
[0m09:48:14.571809 [debug] [MainThread]: running dbt with arguments {'quiet': 'False', 'static_parser': 'True', 'warn_error_options': 'WarnErrorOptionsV2(error=[], warn=[], silence=[])', 'indirect_selection': 'eager', 'send_anonymous_usage_stats': 'True', 'empty': 'None', 'debug': 'False', 'warn_error': 'None', 'fail_fast': 'False', 'use_colors': 'True', 'version_check': 'True', 'log_path': 'logs', 'write_json': 'True', 'introspect': 'True', 'no_print': 'None', 'target_path': 'None', 'profiles_dir': '/home/codespace/.dbt', 'log_format': 'default', 'partial_parse': 'True', 'printer_width': '80', 'use_experimental_parser': 'False', 'log_cache_events': 'False', 'invocation_command': 'dbt init', 'cache_selected_only': 'False'}
[0m09:48:14.633781 [info ] [MainThread]: Creating dbt configuration folder at /home/codespace/.dbt
[0m09:48:32.222438 [debug] [MainThread]: Starter project path: /workspaces/sensorstudioproject/.venv/lib/python3.12/site-packages/dbt/include/starter_project
[0m09:48:32.233228 [info ] [MainThread]: 
Your new dbt project "cars_dbt" was created!

For more information on how to configure the profiles.yml file,
please consult the dbt documentation here:

  https://docs.getdbt.com/docs/configure-your-profile

One more thing:

Need help? Don't hesitate to reach out to us via GitHub issues or on Slack:

  https://community.getdbt.com/

Happy modeling!

[0m09:48:32.233987 [info ] [MainThread]: Setting up your profile.
[0m09:48:39.505850 [debug] [MainThread]: Spark adapter: Setting pyhive.hive logging to ERROR
[0m09:48:39.506660 [debug] [MainThread]: Spark adapter: Setting thrift.transport logging to ERROR
[0m09:48:39.507410 [debug] [MainThread]: Spark adapter: Setting thrift.protocol logging to ERROR
[0m09:53:30.796915 [info ] [MainThread]: Profile cars_dbt written to /home/codespace/.dbt/profiles.yml using target's profile_template.yml and your supplied values. Run 'dbt debug' to validate the connection.
[0m09:53:30.799871 [debug] [MainThread]: Resource report: {"command_name": "init", "command_success": true, "command_wall_clock_time": 316.40402, "process_in_blocks": "48128", "process_kernel_time": 0.779846, "process_mem_max_rss": "313176", "process_out_blocks": "76216", "process_user_time": 7.542465}
[0m09:53:30.800752 [debug] [MainThread]: Command `dbt init` succeeded at 09:53:30.800620 after 316.41 seconds
[0m09:53:30.801380 [debug] [MainThread]: Sending event: {'category': 'dbt', 'action': 'invocation', 'label': 'end', 'context': [<snowplow_tracker.self_describing_json.SelfDescribingJson object at 0x73df83f4fe00>, <snowplow_tracker.self_describing_json.SelfDescribingJson object at 0x73df6bd408c0>, <snowplow_tracker.self_describing_json.SelfDescribingJson object at 0x73df8446b3e0>]}
[0m09:53:30.801936 [debug] [MainThread]: Flushing usage events
[0m09:53:31.709657 [debug] [MainThread]: An error was encountered while trying to flush usage events
[0m09:53:40.127732 [debug] [MainThread]: Sending event: {'category': 'dbt', 'action': 'invocation', 'label': 'start', 'context': [<snowplow_tracker.self_describing_json.SelfDescribingJson object at 0x71a56133a570>, <snowplow_tracker.self_describing_json.SelfDescribingJson object at 0x71a560a67bc0>, <snowplow_tracker.self_describing_json.SelfDescribingJson object at 0x71a560a66720>]}


============================== 09:53:40.136089 | f93b41e1-a29d-47cd-8f3f-995ab26ae04c ==============================
[0m09:53:40.136089 [info ] [MainThread]: Running with dbt=1.11.8
[0m09:53:40.137468 [debug] [MainThread]: running dbt with arguments {'log_cache_events': 'False', 'log_path': 'logs', 'use_colors': 'True', 'quiet': 'False', 'target_path': 'None', 'partial_parse': 'True', 'fail_fast': 'False', 'empty': 'None', 'warn_error': 'None', 'printer_width': '80', 'invocation_command': 'dbt debug', 'static_parser': 'True', 'profiles_dir': '/home/codespace/.dbt', 'send_anonymous_usage_stats': 'True', 'cache_selected_only': 'False', 'warn_error_options': 'WarnErrorOptionsV2(error=[], warn=[], silence=[])', 'version_check': 'True', 'write_json': 'True', 'introspect': 'True', 'no_print': 'None', 'debug': 'False', 'indirect_selection': 'eager', 'log_format': 'default', 'use_experimental_parser': 'False'}
[0m09:53:40.160612 [info ] [MainThread]: dbt version: 1.11.8
[0m09:53:40.161628 [info ] [MainThread]: python version: 3.12.1
[0m09:53:40.162507 [info ] [MainThread]: python path: /workspaces/sensorstudioproject/.venv/bin/python3
[0m09:53:40.163377 [info ] [MainThread]: os info: Linux-6.8.0-1044-azure-x86_64-with-glibc2.39
[0m09:53:41.269923 [debug] [MainThread]: Spark adapter: Setting pyhive.hive logging to ERROR
[0m09:53:41.270622 [debug] [MainThread]: Spark adapter: Setting thrift.transport logging to ERROR
[0m09:53:41.271184 [debug] [MainThread]: Spark adapter: Setting thrift.protocol logging to ERROR
[0m09:53:42.108026 [info ] [MainThread]: Using profiles dir at /home/codespace/.dbt
[0m09:53:42.109095 [info ] [MainThread]: Using profiles.yml file at /home/codespace/.dbt/profiles.yml
[0m09:53:42.111771 [info ] [MainThread]: Using dbt_project.yml file at /workspaces/sensorstudioproject/dbt_project.yml
[0m09:53:42.112652 [info ] [MainThread]: adapter type: databricks
[0m09:53:42.113372 [info ] [MainThread]: adapter version: 1.11.7
[0m09:53:42.114224 [info ] [MainThread]: Configuration:
[0m09:53:42.115036 [info ] [MainThread]:   profiles.yml file [[32mOK found and valid[0m]
[0m09:53:42.116141 [info ] [MainThread]:   dbt_project.yml file [[31mERROR not found[0m]
[0m09:53:42.118956 [info ] [MainThread]: Required dependencies:
[0m09:53:42.119795 [debug] [MainThread]: Executing "git --help"
[0m09:53:42.126433 [debug] [MainThread]: STDOUT: "b"usage: git [-v | --version] [-h | --help] [-C <path>] [-c <name>=<value>]\n           [--exec-path[=<path>]] [--html-path] [--man-path] [--info-path]\n           [-p | --paginate | -P | --no-pager] [--no-replace-objects] [--no-lazy-fetch]\n           [--no-optional-locks] [--no-advice] [--bare] [--git-dir=<path>]\n           [--work-tree=<path>] [--namespace=<name>] [--config-env=<name>=<envvar>]\n           <command> [<args>]\n\nThese are common Git commands used in various situations:\n\nstart a working area (see also: git help tutorial)\n   clone      Clone a repository into a new directory\n   init       Create an empty Git repository or reinitialize an existing one\n\nwork on the current change (see also: git help everyday)\n   add        Add file contents to the index\n   mv         Move or rename a file, a directory, or a symlink\n   restore    Restore working tree files\n   rm         Remove files from the working tree and from the index\n\nexamine the history and state (see also: git help revisions)\n   bisect     Use binary search to find the commit that introduced a bug\n   diff       Show changes between commits, commit and working tree, etc\n   grep       Print lines matching a pattern\n   log        Show commit logs\n   show       Show various types of objects\n   status     Show the working tree status\n\ngrow, mark and tweak your common history\n   backfill   Download missing objects in a partial clone\n   branch     List, create, or delete branches\n   commit     Record changes to the repository\n   merge      Join two or more development histories together\n   rebase     Reapply commits on top of another base tip\n   reset      Set `HEAD` or the index to a known state\n   switch     Switch branches\n   tag        Create, list, delete or verify tags\n\ncollaborate (see also: git help workflows)\n   fetch      Download objects and refs from another repository\n   pull       Fetch from and integrate with another repository or a local branch\n   push       Update remote refs along with associated objects\n\n'git help -a' and 'git help -g' list available subcommands and some\nconcept guides. See 'git help <command>' or 'git help <concept>'\nto read about a specific subcommand or concept.\nSee 'git help git' for an overview of the system.\n""
[0m09:53:42.127231 [debug] [MainThread]: STDERR: "b''"
[0m09:53:42.127904 [info ] [MainThread]:  - git [[32mOK found[0m]

[0m09:53:42.129537 [info ] [MainThread]: Connection:
[0m09:53:42.132804 [info ] [MainThread]:   host: adb-7405607263738171.11.azuredatabricks.net
[0m09:53:42.134216 [info ] [MainThread]:   http_path: /sql/1.0/warehouses/e826914736d1a4af
[0m09:53:42.135711 [info ] [MainThread]:   catalog: sensor_catalog
[0m09:53:42.136900 [info ] [MainThread]:   schema: default
[0m09:53:42.138642 [info ] [MainThread]: Registered adapter: databricks=1.11.7
[0m09:53:42.472843 [warn ] [MainThread]: [[33mWARNING[0m]: Use managed Iceberg tables when table_format is iceberg. When this flag is disabled, UniForm is used instead.
You may opt into the new behavior sooner by setting `flags.use_managed_iceberg` to `True` in `dbt_project.yml`.
Visit https://docs.getdbt.com/reference/global-configs/behavior-changes for more information.
[0m09:53:42.473747 [debug] [MainThread]: Sending event: {'category': 'dbt', 'action': 'BehaviorChangeEvent', 'label': 'f93b41e1-a29d-47cd-8f3f-995ab26ae04c', 'context': [<snowplow_tracker.self_describing_json.SelfDescribingJson object at 0x71a547fd7710>]}
[0m09:53:42.474636 [debug] [MainThread]: Databricks adapter: DatabricksDBTConnection(session-id=None, name=debug) - Creating connection
[0m09:53:42.475172 [debug] [MainThread]: Acquiring new databricks connection 'debug'
[0m09:53:42.475693 [debug] [MainThread]: Using databricks connection "debug"
[0m09:53:42.476162 [debug] [MainThread]: On debug: select 1 as id
[0m09:53:42.476629 [debug] [MainThread]: Opening a new connection, currently in state init
[0m09:53:42.954893 [debug] [MainThread]: Databricks adapter: Connection(session-id=01f146d5-f7fe-1e44-a0dc-190d488f469b) - Created
[0m09:53:48.736770 [debug] [MainThread]: SQL status: OK in 6.260 seconds
[0m09:53:48.738072 [debug] [MainThread]: Databricks adapter: Cursor(session-id=01f146d5-f7fe-1e44-a0dc-190d488f469b, command-id=01f146d5-f81e-1857-9613-d630fb16948c) - Closing
[0m09:53:48.847340 [debug] [MainThread]: On debug: Close
[0m09:53:48.847999 [debug] [MainThread]: Databricks adapter: Connection(session-id=01f146d5-f7fe-1e44-a0dc-190d488f469b) - Closing
[0m09:53:48.911230 [info ] [MainThread]:   Connection test: [[32mOK connection ok[0m]

[0m09:53:48.911949 [info ] [MainThread]: [31m1 check failed:[0m
[0m09:53:48.912559 [info ] [MainThread]: Project loading failed for the following reason:
 project path </workspaces/sensorstudioproject/dbt_project.yml> not found

[0m09:53:48.913854 [debug] [MainThread]: Resource report: {"command_name": "debug", "command_success": false, "command_wall_clock_time": 8.940905, "process_in_blocks": "144", "process_kernel_time": 0.46626, "process_mem_max_rss": "246824", "process_out_blocks": "80", "process_user_time": 3.495466}
[0m09:53:48.914506 [debug] [MainThread]: Command `dbt debug` failed at 09:53:48.914387 after 8.94 seconds
[0m09:53:48.915046 [debug] [MainThread]: Sending event: {'category': 'dbt', 'action': 'invocation', 'label': 'end', 'context': [<snowplow_tracker.self_describing_json.SelfDescribingJson object at 0x71a560d1be00>, <snowplow_tracker.self_describing_json.SelfDescribingJson object at 0x71a560a66720>, <snowplow_tracker.self_describing_json.SelfDescribingJson object at 0x71a5612e70e0>]}
[0m09:53:48.915605 [debug] [MainThread]: Flushing usage events
[0m09:53:49.709201 [debug] [MainThread]: An error was encountered while trying to flush usage events
